src/App.tsx(2,8): error TS1192: Module '"D:/jobtracking/jobtracking-portal/src/Components/Layout"' has no default export.
src/App.tsx(3,27): error TS2307: Cannot find module './Views/DashboardView' or its corresponding type declarations.
src/App.tsx(4,26): error TS2307: Cannot find module './Views/JobsListView' or its corresponding type declarations.
